\BOOKMARK [0][-]{chapter*.1}{\376\377\000P\000r\000e\000f\000a\000c\000e}{}% 1
\BOOKMARK [-1][-]{part.1}{\376\377\000I\000\040\000I\000n\000t\000r\000o\000d\000u\000c\000t\000i\000o\000n}{}% 2
\BOOKMARK [0][-]{chapter.1}{\376\377\000W\000h\000a\000t\000\040\000i\000s\000\040\000L\000L\000V\000M\000\040\000I\000R\000\040\000a\000n\000d\000\040\000W\000h\000y\000\040\000I\000s\000\040\000I\000t\000\040\000U\000s\000e\000f\000u\000l\000?}{part.1}% 3
\BOOKMARK [1][-]{section.1.1}{\376\377\000T\000h\000e\000\040\000C\000o\000m\000p\000i\000l\000e\000r\000\040\000P\000r\000o\000b\000l\000e\000m}{chapter.1}% 4
\BOOKMARK [1][-]{section.1.2}{\376\377\000W\000h\000a\000t\000\040\000i\000s\000\040\000L\000L\000V\000M\000\040\000I\000R\000?}{chapter.1}% 5
\BOOKMARK [1][-]{section.1.3}{\376\377\000S\000t\000a\000t\000i\000c\000\040\000S\000i\000n\000g\000l\000e\000\040\000A\000s\000s\000i\000g\000n\000m\000e\000n\000t\000\040\000\050\000S\000S\000A\000\051\000\040\000F\000o\000r\000m}{chapter.1}% 6
\BOOKMARK [1][-]{section.1.4}{\376\377\000B\000a\000s\000i\000c\000\040\000B\000l\000o\000c\000k\000s\000\040\000a\000n\000d\000\040\000C\000o\000n\000t\000r\000o\000l\000\040\000F\000l\000o\000w}{chapter.1}% 7
\BOOKMARK [1][-]{section.1.5}{\376\377\000T\000h\000e\000\040\000P\000H\000I\000\040\000I\000n\000s\000t\000r\000u\000c\000t\000i\000o\000n}{chapter.1}% 8
\BOOKMARK [1][-]{section.1.6}{\376\377\000M\000o\000d\000u\000l\000e\000s\000,\000\040\000F\000u\000n\000c\000t\000i\000o\000n\000s\000,\000\040\000a\000n\000d\000\040\000T\000a\000r\000g\000e\000t\000s}{chapter.1}% 9
\BOOKMARK [1][-]{section.1.7}{\376\377\000W\000h\000y\000\040\000L\000L\000V\000M\000\040\000I\000R\000\040\000I\000s\000\040\000U\000s\000e\000f\000u\000l}{chapter.1}% 10
\BOOKMARK [0][-]{chapter.2}{\376\377\000W\000h\000y\000\040\000L\000L\000V\000M\000\040\000f\000o\000r\000\040\000t\000h\000e\000\040\000T\000y\000p\000e\000S\000c\000r\000i\000p\000t\000\040\000a\000n\000d\000\040\000J\000a\000v\000a\000S\000c\000r\000i\000p\000t\000\040\000E\000c\000o\000s\000y\000s\000t\000e\000m\000?}{part.1}% 11
\BOOKMARK [1][-]{section.2.1}{\376\377\000T\000h\000e\000\040\000R\000i\000s\000e\000\040\000o\000f\000\040\000P\000e\000r\000f\000o\000r\000m\000a\000n\000c\000e\000-\000C\000r\000i\000t\000i\000c\000a\000l\000\040\000J\000a\000v\000a\000S\000c\000r\000i\000p\000t}{chapter.2}% 12
\BOOKMARK [1][-]{section.2.2}{\376\377\000W\000h\000y\000\040\000N\000o\000t\000\040\000J\000u\000s\000t\000\040\000U\000s\000e\000\040\000C\000+\000+\000\040\000o\000r\000\040\000R\000u\000s\000t\000?}{chapter.2}% 13
\BOOKMARK [1][-]{section.2.3}{\376\377\000L\000L\000V\000M\000\040\000a\000s\000\040\000t\000h\000e\000\040\000U\000n\000i\000v\000e\000r\000s\000a\000l\000\040\000B\000a\000c\000k\000e\000n\000d}{chapter.2}% 14
\BOOKMARK [1][-]{section.2.4}{\376\377\000U\000s\000e\000\040\000C\000a\000s\000e\000s\000\040\000i\000n\000\040\000t\000h\000e\000\040\000J\000a\000v\000a\000S\000c\000r\000i\000p\000t\000\040\000E\000c\000o\000s\000y\000s\000t\000e\000m}{chapter.2}% 15
\BOOKMARK [1][-]{section.2.5}{\376\377\000W\000h\000y\000\040\000a\000\040\000T\000y\000p\000e\000S\000c\000r\000i\000p\000t\000\040\000A\000P\000I\000\040\000I\000n\000s\000t\000e\000a\000d\000\040\000o\000f\000\040\000C\000\040\000B\000i\000n\000d\000i\000n\000g\000s\000?}{chapter.2}% 16
\BOOKMARK [1][-]{section.2.6}{\376\377\000@\000e\000u\000r\000i\000k\000l\000i\000s\000/\000l\000l\000v\000m\000-\000i\000r\000\040\000D\000e\000s\000i\000g\000n\000\040\000P\000h\000i\000l\000o\000s\000o\000p\000h\000y}{chapter.2}% 17
\BOOKMARK [1][-]{section.2.7}{\376\377\000S\000u\000m\000m\000a\000r\000y}{chapter.2}% 18
\BOOKMARK [-1][-]{part.2}{\376\377\000I\000I\000\040\000G\000e\000t\000t\000i\000n\000g\000\040\000S\000t\000a\000r\000t\000e\000d\000\040\000w\000i\000t\000h\000\040\000L\000L\000V\000M\000\040\000I\000R}{}% 19
\BOOKMARK [0][-]{chapter.3}{\376\377\000I\000n\000s\000t\000a\000l\000l\000a\000t\000i\000o\000n\000\040\000a\000n\000d\000\040\000S\000e\000t\000u\000p}{part.2}% 20
\BOOKMARK [0][-]{chapter.4}{\376\377\000I\000m\000p\000l\000e\000m\000e\000n\000t\000i\000n\000g\000\040\000T\000y\000p\000e\000S\000c\000r\000i\000p\000t\000\040\000F\000u\000n\000c\000t\000i\000o\000n\000s\000\040\000a\000s\000\040\000L\000L\000V\000M\000\040\000I\000R}{part.2}% 21
\BOOKMARK [1][-]{section.4.1}{\376\377\000E\000x\000a\000m\000p\000l\000e\000\040\0001\000:\000\040\000S\000i\000m\000p\000l\000e\000\040\000A\000r\000i\000t\000h\000m\000e\000t\000i\000c}{chapter.4}% 22
\BOOKMARK [1][-]{section.4.2}{\376\377\000E\000x\000a\000m\000p\000l\000e\000\040\0002\000:\000\040\000C\000o\000n\000d\000i\000t\000i\000o\000n\000a\000l\000\040\000L\000o\000g\000i\000c\000\040\000\050\000i\000f\000-\000e\000l\000s\000e\000\051}{chapter.4}% 23
\BOOKMARK [1][-]{section.4.3}{\376\377\000E\000x\000a\000m\000p\000l\000e\000\040\0003\000:\000\040\000L\000o\000o\000p\000s\000\040\000w\000i\000t\000h\000\040\000P\000H\000I\000\040\000N\000o\000d\000e\000s}{chapter.4}% 24
\BOOKMARK [1][-]{section.4.4}{\376\377\000T\000y\000p\000e\000\040\000S\000h\000o\000r\000t\000c\000u\000t\000s\000\040\000f\000o\000r\000\040\000C\000l\000e\000a\000n\000e\000r\000\040\000C\000o\000d\000e}{chapter.4}% 25
\BOOKMARK [-1][-]{part.3}{\376\377\000I\000I\000I\000\040\000M\000u\000l\000t\000i\000-\000A\000r\000c\000h\000i\000t\000e\000c\000t\000u\000r\000e\000\040\000C\000o\000m\000p\000i\000l\000a\000t\000i\000o\000n}{}% 26
\BOOKMARK [0][-]{chapter.5}{\376\377\000C\000o\000m\000p\000i\000l\000i\000n\000g\000\040\000L\000L\000V\000M\000\040\000I\000R\000\040\000f\000o\000r\000\040\000D\000i\000f\000f\000e\000r\000e\000n\000t\000\040\000C\000P\000U\000\040\000A\000r\000c\000h\000i\000t\000e\000c\000t\000u\000r\000e\000s}{part.3}% 27
\BOOKMARK [1][-]{section.5.1}{\376\377\000T\000a\000r\000g\000e\000t\000\040\000T\000r\000i\000p\000l\000e\000s}{chapter.5}% 28
\BOOKMARK [1][-]{section.5.2}{\376\377\000C\000o\000m\000p\000i\000l\000i\000n\000g\000\040\000w\000i\000t\000h\000\040\000l\000l\000c}{chapter.5}% 29
\BOOKMARK [1][-]{section.5.3}{\376\377\000A\000r\000c\000h\000i\000t\000e\000c\000t\000u\000r\000e\000-\000S\000p\000e\000c\000i\000f\000i\000c\000\040\000C\000o\000d\000e\000\040\000w\000i\000t\000h\000\040\000t\000h\000i\000s\000\040\000L\000i\000b\000r\000a\000r\000y}{chapter.5}% 30
\BOOKMARK [1][-]{section.5.4}{\376\377\000D\000a\000t\000a\000\040\000L\000a\000y\000o\000u\000t\000\040\000S\000t\000r\000i\000n\000g\000s}{chapter.5}% 31
\BOOKMARK [1][-]{section.5.5}{\376\377\000C\000r\000o\000s\000s\000-\000C\000o\000m\000p\000i\000l\000a\000t\000i\000o\000n\000\040\000E\000x\000a\000m\000p\000l\000e}{chapter.5}% 32
\BOOKMARK [0][-]{chapter.6}{\376\377\000G\000P\000U\000\040\000P\000r\000o\000g\000r\000a\000m\000m\000i\000n\000g\000:\000\040\000S\000a\000m\000e\000\040\000F\000u\000n\000c\000t\000i\000o\000n\000\040\000A\000c\000r\000o\000s\000s\000\040\000A\000l\000l\000\040\000A\000r\000c\000h\000i\000t\000e\000c\000t\000u\000r\000e\000s}{part.3}% 33
\BOOKMARK [1][-]{section.6.1}{\376\377\000V\000e\000c\000t\000o\000r\000\040\000A\000d\000d\000i\000t\000i\000o\000n\000:\000\040\000N\000V\000I\000D\000I\000A\000\040\000C\000U\000D\000A}{chapter.6}% 34
\BOOKMARK [1][-]{section.6.2}{\376\377\000V\000e\000c\000t\000o\000r\000\040\000A\000d\000d\000i\000t\000i\000o\000n\000:\000\040\000A\000M\000D\000\040\000R\000O\000C\000m}{chapter.6}% 35
\BOOKMARK [1][-]{section.6.3}{\376\377\000V\000e\000c\000t\000o\000r\000\040\000A\000d\000d\000i\000t\000i\000o\000n\000:\000\040\000I\000n\000t\000e\000l\000\040\000G\000P\000U\000\040\000\050\000O\000p\000e\000n\000C\000L\000\051}{chapter.6}% 36
\BOOKMARK [1][-]{section.6.4}{\376\377\000G\000P\000U\000\040\000A\000r\000c\000h\000i\000t\000e\000c\000t\000u\000r\000e\000\040\000C\000o\000m\000p\000a\000r\000i\000s\000o\000n}{chapter.6}% 37
\BOOKMARK [1][-]{section.6.5}{\376\377\000C\000o\000m\000p\000i\000l\000i\000n\000g\000\040\000G\000P\000U\000\040\000L\000L\000V\000M\000\040\000I\000R\000\040\000t\000o\000\040\000M\000a\000c\000h\000i\000n\000e\000\040\000C\000o\000d\000e}{chapter.6}% 38
\BOOKMARK [2][-]{subsection.6.5.1}{\376\377\000N\000V\000I\000D\000I\000A\000:\000\040\000C\000o\000m\000p\000i\000l\000i\000n\000g\000\040\000N\000V\000V\000M\000\040\000I\000R\000\040\000t\000o\000\040\000P\000T\000X}{section.6.5}% 39
\BOOKMARK [2][-]{subsection.6.5.2}{\376\377\000A\000M\000D\000:\000\040\000C\000o\000m\000p\000i\000l\000i\000n\000g\000\040\000A\000M\000D\000G\000P\000U\000\040\000I\000R\000\040\000t\000o\000\040\000G\000C\000N\000/\000R\000D\000N\000A}{section.6.5}% 40
\BOOKMARK [2][-]{subsection.6.5.3}{\376\377\000I\000n\000t\000e\000l\000/\000O\000p\000e\000n\000C\000L\000:\000\040\000C\000o\000m\000p\000i\000l\000i\000n\000g\000\040\000t\000o\000\040\000S\000P\000I\000R\000-\000V\000\040\000B\000i\000n\000a\000r\000y}{section.6.5}% 41
\BOOKMARK [2][-]{subsection.6.5.4}{\376\377\000G\000P\000U\000\040\000C\000o\000m\000p\000i\000l\000a\000t\000i\000o\000n\000\040\000W\000o\000r\000k\000f\000l\000o\000w\000\040\000S\000u\000m\000m\000a\000r\000y}{section.6.5}% 42
\BOOKMARK [-1][-]{part.4}{\376\377\000I\000V\000\040\000R\000e\000f\000e\000r\000e\000n\000c\000e}{}% 43
\BOOKMARK [0][-]{chapter.7}{\376\377\000I\000n\000s\000t\000r\000u\000c\000t\000i\000o\000n\000\040\000R\000e\000f\000e\000r\000e\000n\000c\000e}{part.4}% 44
\BOOKMARK [1][-]{section.7.1}{\376\377\000A\000r\000i\000t\000h\000m\000e\000t\000i\000c\000\040\000O\000p\000e\000r\000a\000t\000i\000o\000n\000s}{chapter.7}% 45
\BOOKMARK [1][-]{section.7.2}{\376\377\000B\000i\000t\000w\000i\000s\000e\000\040\000O\000p\000e\000r\000a\000t\000i\000o\000n\000s}{chapter.7}% 46
\BOOKMARK [1][-]{section.7.3}{\376\377\000C\000o\000m\000p\000a\000r\000i\000s\000o\000n\000\040\000O\000p\000e\000r\000a\000t\000i\000o\000n\000s}{chapter.7}% 47
\BOOKMARK [1][-]{section.7.4}{\376\377\000M\000e\000m\000o\000r\000y\000\040\000O\000p\000e\000r\000a\000t\000i\000o\000n\000s}{chapter.7}% 48
\BOOKMARK [1][-]{section.7.5}{\376\377\000C\000o\000n\000t\000r\000o\000l\000\040\000F\000l\000o\000w}{chapter.7}% 49
\BOOKMARK [1][-]{section.7.6}{\376\377\000T\000y\000p\000e\000\040\000C\000o\000n\000v\000e\000r\000s\000i\000o\000n\000s}{chapter.7}% 50
\BOOKMARK [1][-]{section.7.7}{\376\377\000F\000u\000n\000c\000t\000i\000o\000n\000\040\000C\000a\000l\000l\000s}{chapter.7}% 51
\BOOKMARK [1][-]{section.7.8}{\376\377\000V\000e\000c\000t\000o\000r\000\040\000O\000p\000e\000r\000a\000t\000i\000o\000n\000s}{chapter.7}% 52
\BOOKMARK [1][-]{section.7.9}{\376\377\000A\000t\000o\000m\000i\000c\000\040\000O\000p\000e\000r\000a\000t\000i\000o\000n\000s}{chapter.7}% 53
\BOOKMARK [0][-]{chapter.8}{\376\377\000M\000e\000m\000o\000r\000y\000\040\000M\000o\000d\000e\000l\000\040\000a\000n\000d\000\040\000A\000d\000d\000r\000e\000s\000s\000\040\000S\000p\000a\000c\000e\000s}{part.4}% 54
\BOOKMARK [1][-]{section.8.1}{\376\377\000S\000t\000a\000c\000k\000\040\000v\000s\000\040\000H\000e\000a\000p}{chapter.8}% 55
\BOOKMARK [1][-]{section.8.2}{\376\377\000A\000l\000i\000g\000n\000m\000e\000n\000t}{chapter.8}% 56
\BOOKMARK [1][-]{section.8.3}{\376\377\000A\000d\000d\000r\000e\000s\000s\000\040\000S\000p\000a\000c\000e\000s\000\040\000\050\000G\000P\000U\000\040\000M\000e\000m\000o\000r\000y\000\051}{chapter.8}% 57
\BOOKMARK [1][-]{section.8.4}{\376\377\000G\000e\000t\000E\000l\000e\000m\000e\000n\000t\000P\000t\000r\000\040\000\050\000G\000E\000P\000\051\000\040\000O\000p\000e\000r\000a\000t\000i\000o\000n\000s}{chapter.8}% 58
\BOOKMARK [1][-]{section.8.5}{\376\377\000V\000o\000l\000a\000t\000i\000l\000e\000\040\000A\000c\000c\000e\000s\000s}{chapter.8}% 59
\BOOKMARK [1][-]{section.8.6}{\376\377\000A\000t\000o\000m\000i\000c\000\040\000O\000p\000e\000r\000a\000t\000i\000o\000n\000s}{chapter.8}% 60
\BOOKMARK [0][-]{chapter.9}{\376\377\000T\000y\000p\000e\000\040\000S\000y\000s\000t\000e\000m\000\040\000R\000e\000f\000e\000r\000e\000n\000c\000e}{part.4}% 61
\BOOKMARK [1][-]{section.9.1}{\376\377\000I\000n\000t\000e\000g\000e\000r\000\040\000T\000y\000p\000e\000s}{chapter.9}% 62
\BOOKMARK [1][-]{section.9.2}{\376\377\000F\000l\000o\000a\000t\000i\000n\000g\000-\000P\000o\000i\000n\000t\000\040\000T\000y\000p\000e\000s}{chapter.9}% 63
\BOOKMARK [1][-]{section.9.3}{\376\377\000P\000o\000i\000n\000t\000e\000r\000\040\000T\000y\000p\000e\000s}{chapter.9}% 64
\BOOKMARK [1][-]{section.9.4}{\376\377\000A\000r\000r\000a\000y\000\040\000T\000y\000p\000e\000s}{chapter.9}% 65
\BOOKMARK [1][-]{section.9.5}{\376\377\000S\000t\000r\000u\000c\000t\000\040\000T\000y\000p\000e\000s}{chapter.9}% 66
\BOOKMARK [1][-]{section.9.6}{\376\377\000V\000e\000c\000t\000o\000r\000\040\000T\000y\000p\000e\000s}{chapter.9}% 67
\BOOKMARK [1][-]{section.9.7}{\376\377\000F\000u\000n\000c\000t\000i\000o\000n\000\040\000T\000y\000p\000e\000s}{chapter.9}% 68
\BOOKMARK [1][-]{section.9.8}{\376\377\000V\000o\000i\000d\000\040\000T\000y\000p\000e}{chapter.9}% 69
\BOOKMARK [1][-]{section.9.9}{\376\377\000T\000y\000p\000e\000\040\000C\000o\000m\000p\000a\000t\000i\000b\000i\000l\000i\000t\000y}{chapter.9}% 70
\BOOKMARK [-1][-]{part.5}{\376\377\000V\000\040\000A\000d\000v\000a\000n\000c\000e\000d\000\040\000T\000o\000p\000i\000c\000s}{}% 71
\BOOKMARK [0][-]{chapter.10}{\376\377\000G\000P\000U\000\040\000M\000e\000m\000o\000r\000y\000\040\000H\000i\000e\000r\000a\000r\000c\000h\000i\000e\000s\000\040\000a\000n\000d\000\040\000T\000h\000r\000e\000a\000d\000\040\000S\000y\000n\000c\000h\000r\000o\000n\000i\000z\000a\000t\000i\000o\000n}{part.5}% 72
\BOOKMARK [1][-]{section.10.1}{\376\377\000T\000h\000e\000\040\000G\000P\000U\000\040\000M\000e\000m\000o\000r\000y\000\040\000H\000i\000e\000r\000a\000r\000c\000h\000y}{chapter.10}% 73
\BOOKMARK [1][-]{section.10.2}{\376\377\000G\000l\000o\000b\000a\000l\000\040\000M\000e\000m\000o\000r\000y\000\040\000\050\000A\000d\000d\000r\000e\000s\000s\000\040\000S\000p\000a\000c\000e\000\040\0001\000\051}{chapter.10}% 74
\BOOKMARK [1][-]{section.10.3}{\376\377\000S\000h\000a\000r\000e\000d\000\040\000M\000e\000m\000o\000r\000y\000\040\000\050\000A\000d\000d\000r\000e\000s\000s\000\040\000S\000p\000a\000c\000e\000\040\0003\000\051}{chapter.10}% 75
\BOOKMARK [1][-]{section.10.4}{\376\377\000C\000o\000n\000s\000t\000a\000n\000t\000\040\000M\000e\000m\000o\000r\000y\000\040\000\050\000A\000d\000d\000r\000e\000s\000s\000\040\000S\000p\000a\000c\000e\000\040\0004\000\051}{chapter.10}% 76
\BOOKMARK [1][-]{section.10.5}{\376\377\000T\000h\000r\000e\000a\000d\000\040\000S\000y\000n\000c\000h\000r\000o\000n\000i\000z\000a\000t\000i\000o\000n}{chapter.10}% 77
\BOOKMARK [1][-]{section.10.6}{\376\377\000M\000e\000m\000o\000r\000y\000\040\000F\000e\000n\000c\000e\000s}{chapter.10}% 78
\BOOKMARK [1][-]{section.10.7}{\376\377\000T\000i\000l\000e\000d\000\040\000M\000a\000t\000r\000i\000x\000\040\000M\000u\000l\000t\000i\000p\000l\000i\000c\000a\000t\000i\000o\000n\000\040\000E\000x\000a\000m\000p\000l\000e}{chapter.10}% 79
\BOOKMARK [1][-]{section.10.8}{\376\377\000K\000e\000y\000\040\000T\000a\000k\000e\000a\000w\000a\000y\000s}{chapter.10}% 80
\BOOKMARK [0][-]{chapter.11}{\376\377\000F\000u\000t\000u\000r\000e\000\040\000W\000o\000r\000k\000:\000\040\000A\000p\000p\000l\000e\000\040\000S\000i\000l\000i\000c\000o\000n\000\040\000G\000P\000U\000\040\000S\000u\000p\000p\000o\000r\000t}{part.5}% 81
\BOOKMARK [1][-]{section.11.1}{\376\377\000C\000u\000r\000r\000e\000n\000t\000\040\000S\000t\000a\000t\000e}{chapter.11}% 82
\BOOKMARK [1][-]{section.11.2}{\376\377\000T\000h\000e\000\040\000A\000p\000p\000l\000e\000\040\000G\000P\000U\000\040\000C\000h\000a\000l\000l\000e\000n\000g\000e}{chapter.11}% 83
\BOOKMARK [1][-]{section.11.3}{\376\377\000W\000h\000y\000\040\000T\000h\000i\000s\000\040\000M\000a\000t\000t\000e\000r\000s\000\040\000f\000o\000r\000\040\000T\000y\000p\000e\000S\000c\000r\000i\000p\000t\000\040\000D\000e\000v\000e\000l\000o\000p\000e\000r\000s}{chapter.11}% 84
\BOOKMARK [1][-]{section.11.4}{\376\377\000H\000o\000w\000\040\000P\000y\000T\000o\000r\000c\000h\000\040\000a\000n\000d\000\040\000T\000e\000n\000s\000o\000r\000F\000l\000o\000w\000\040\000D\000o\000\040\000I\000t}{chapter.11}% 85
\BOOKMARK [1][-]{section.11.5}{\376\377\000W\000h\000a\000t\000\040\000W\000e\000'\000r\000e\000\040\000W\000a\000i\000t\000i\000n\000g\000\040\000F\000o\000r}{chapter.11}% 86
\BOOKMARK [1][-]{section.11.6}{\376\377\000C\000u\000r\000r\000e\000n\000t\000\040\000W\000o\000r\000k\000a\000r\000o\000u\000n\000d\000s}{chapter.11}% 87
\BOOKMARK [1][-]{section.11.7}{\376\377\000U\000n\000i\000f\000i\000e\000d\000\040\000M\000e\000m\000o\000r\000y\000\040\000A\000d\000v\000a\000n\000t\000a\000g\000e}{chapter.11}% 88
\BOOKMARK [1][-]{section.11.8}{\376\377\000T\000i\000m\000e\000l\000i\000n\000e}{chapter.11}% 89
\BOOKMARK [1][-]{section.11.9}{\376\377\000C\000o\000m\000m\000u\000n\000i\000t\000y\000\040\000C\000o\000n\000t\000r\000i\000b\000u\000t\000i\000o\000n\000s\000\040\000W\000e\000l\000c\000o\000m\000e}{chapter.11}% 90
